// Jest Snapshot v1, https://goo.gl/fbAQLP

exports[`Edit Page Component should render Edit Product component 1`] = `
<Router
  history={
    Object {
      "action": "PUSH",
      "block": [Function],
      "createHref": [Function],
      "go": [Function],
      "goBack": [Function],
      "goForward": [Function],
      "length": 2,
      "listen": [Function],
      "location": Object {
        "hash": "",
        "key": "6ld7mx",
        "pathname": "/EditProduct",
        "search": "",
        "state": Object {
          "pid": 1,
        },
      },
      "push": [Function],
      "replace": [Function],
    }
  }
>
  <EditProduct>
    <Container
      className="mt-4 mb-5"
      fluid={true}
    >
      <div
        className="mt-4 mb-5 container-fluid"
      >
        <Row
          noGutters={false}
        >
          <div
            className="row"
          >
            <Col
              className="border-right bg-light"
              sm={2}
            >
              <div
                className="border-right bg-light col-sm-2"
              >
                <AboutEditProduct>
                  <Container
                    className="pt-3"
                    fluid={false}
                  >
                    <div
                      className="pt-3 container"
                    >
                      <div
                        className="text-center"
                      >
                        <h4
                          className="mb-n2 display-6"
                        >
                          About Product List
                        </h4>
                        <hr
                          className="mb-4 bg-warning"
                        />
                        <div
                          className="small lead mb-4"
                        >
                          <p>
                            Here you can edit the products in the inventory
                          </p>
                          <p>
                            You can view all the products in the product List
                          </p>
                        </div>
                      </div>
                    </div>
                  </Container>
                </AboutEditProduct>
              </div>
            </Col>
            <Col
              sm={10}
            >
              <div
                className="col-sm-10"
              >
                <Container
                  fluid={false}
                >
                  <div
                    className="container"
                  >
                    <Row
                      className="mt-2"
                      noGutters={false}
                    >
                      <div
                        className="mt-2 row"
                      >
                        <Col
                          sm={4}
                        >
                          <div
                            className="col-sm-4"
                          >
                            <h3
                              className="display-5 ml-4"
                            >
                              Edit Product
                            </h3>
                          </div>
                        </Col>
                      </div>
                    </Row>
                    <hr />
                    <Row
                      noGutters={false}
                    >
                      <div
                        className="row"
                      >
                        <Col>
                          <div
                            className="col"
                          >
                            <withRouter(EditProductForm)>
                              <EditProductForm
                                history={
                                  Object {
                                    "action": "PUSH",
                                    "block": [Function],
                                    "createHref": [Function],
                                    "go": [Function],
                                    "goBack": [Function],
                                    "goForward": [Function],
                                    "length": 2,
                                    "listen": [Function],
                                    "location": Object {
                                      "hash": "",
                                      "key": "6ld7mx",
                                      "pathname": "/EditProduct",
                                      "search": "",
                                      "state": Object {
                                        "pid": 1,
                                      },
                                    },
                                    "push": [Function],
                                    "replace": [Function],
                                  }
                                }
                                location={
                                  Object {
                                    "hash": "",
                                    "key": "6ld7mx",
                                    "pathname": "/EditProduct",
                                    "search": "",
                                    "state": Object {
                                      "pid": 1,
                                    },
                                  }
                                }
                                match={
                                  Object {
                                    "isExact": false,
                                    "params": Object {},
                                    "path": "/",
                                    "url": "/",
                                  }
                                }
                              >
                                <Form
                                  inline={false}
                                  noValidate={true}
                                  onSubmit={[Function]}
                                  validated={false}
                                >
                                  <form
                                    className=""
                                    noValidate={true}
                                    onSubmit={[Function]}
                                  >
                                    <FormRow>
                                      <div
                                        className="form-row"
                                      >
                                        <FormGroup
                                          as={
                                            Object {
                                              "$$typeof": Symbol(react.forward_ref),
                                              "displayName": "Col",
                                              "render": [Function],
                                            }
                                          }
                                          className="mr-5"
                                        >
                                          <Col
                                            className="mr-5 form-group"
                                          >
                                            <div
                                              className="mr-5 form-group col"
                                            >
                                              <FormLabel
                                                column={true}
                                                srOnly={false}
                                              >
                                                <Col
                                                  as="label"
                                                  className="form-label col-form-label"
                                                >
                                                  <label
                                                    className="form-label col-form-label col"
                                                  >
                                                    Product Name
                                                  </label>
                                                </Col>
                                              </FormLabel>
                                              <FormControl
                                                name="productName"
                                                onChange={[Function]}
                                                placeholder="Enter product Name"
                                                required={true}
                                              >
                                                <input
                                                  className="form-control"
                                                  name="productName"
                                                  onChange={[Function]}
                                                  placeholder="Enter product Name"
                                                  required={true}
                                                />
                                              </FormControl>
                                              <Feedback
                                                type="invalid"
                                              >
                                                <div
                                                  className="invalid-feedback"
                                                >
                                                  Please enter valid product name
                                                </div>
                                              </Feedback>
                                            </div>
                                          </Col>
                                        </FormGroup>
                                        <FormGroup
                                          as={
                                            Object {
                                              "$$typeof": Symbol(react.forward_ref),
                                              "displayName": "Col",
                                              "render": [Function],
                                            }
                                          }
                                        >
                                          <Col
                                            className="form-group"
                                          >
                                            <div
                                              className="form-group col"
                                            >
                                              <FormLabel
                                                column={true}
                                                srOnly={false}
                                              >
                                                <Col
                                                  as="label"
                                                  className="form-label col-form-label"
                                                >
                                                  <label
                                                    className="form-label col-form-label col"
                                                  >
                                                    Product Description
                                                  </label>
                                                </Col>
                                              </FormLabel>
                                              <FormControl
                                                name="productDesc"
                                                onChange={[Function]}
                                                placeholder="Enter product description"
                                                required={true}
                                              >
                                                <input
                                                  className="form-control"
                                                  name="productDesc"
                                                  onChange={[Function]}
                                                  placeholder="Enter product description"
                                                  required={true}
                                                />
                                              </FormControl>
                                              <Feedback
                                                type="invalid"
                                              >
                                                <div
                                                  className="invalid-feedback"
                                                >
                                                  Please enter valid product description
                                                </div>
                                              </Feedback>
                                            </div>
                                          </Col>
                                        </FormGroup>
                                      </div>
                                    </FormRow>
                                    <FormRow>
                                      <div
                                        className="form-row"
                                      >
                                        <FormGroup
                                          as={
                                            Object {
                                              "$$typeof": Symbol(react.forward_ref),
                                              "displayName": "Col",
                                              "render": [Function],
                                            }
                                          }
                                          className="mr-5"
                                        >
                                          <Col
                                            className="mr-5 form-group"
                                          >
                                            <div
                                              className="mr-5 form-group col"
                                            >
                                              <FormLabel
                                                column={true}
                                                srOnly={false}
                                              >
                                                <Col
                                                  as="label"
                                                  className="form-label col-form-label"
                                                >
                                                  <label
                                                    className="form-label col-form-label col"
                                                  >
                                                    Manufacturer
                                                  </label>
                                                </Col>
                                              </FormLabel>
                                              <FormControl
                                                name="manufacturer"
                                                onChange={[Function]}
                                                placeholder="Enter Manufacturer"
                                                required={true}
                                              >
                                                <input
                                                  className="form-control"
                                                  name="manufacturer"
                                                  onChange={[Function]}
                                                  placeholder="Enter Manufacturer"
                                                  required={true}
                                                />
                                              </FormControl>
                                              <Feedback
                                                type="invalid"
                                              >
                                                <div
                                                  className="invalid-feedback"
                                                >
                                                  Please enter valid manufacturer
                                                </div>
                                              </Feedback>
                                            </div>
                                          </Col>
                                        </FormGroup>
                                        <FormGroup
                                          as={
                                            Object {
                                              "$$typeof": Symbol(react.forward_ref),
                                              "displayName": "Col",
                                              "render": [Function],
                                            }
                                          }
                                          controlId="formBasicPrice"
                                        >
                                          <Col
                                            className="form-group"
                                          >
                                            <div
                                              className="form-group col"
                                            >
                                              <FormLabel
                                                column={true}
                                                srOnly={false}
                                              >
                                                <Col
                                                  as="label"
                                                  className="form-label col-form-label"
                                                  htmlFor="formBasicPrice"
                                                >
                                                  <label
                                                    className="form-label col-form-label col"
                                                    htmlFor="formBasicPrice"
                                                  >
                                                    Price
                                                  </label>
                                                </Col>
                                              </FormLabel>
                                              <FormControl
                                                name="price"
                                                onChange={[Function]}
                                                placeholder="Enter Price"
                                                required={true}
                                                type="number"
                                              >
                                                <input
                                                  className="form-control"
                                                  id="formBasicPrice"
                                                  name="price"
                                                  onChange={[Function]}
                                                  placeholder="Enter Price"
                                                  required={true}
                                                  type="number"
                                                />
                                              </FormControl>
                                              <Feedback
                                                type="invalid"
                                              >
                                                <div
                                                  className="invalid-feedback"
                                                >
                                                  Please enter valid Price
                                                </div>
                                              </Feedback>
                                            </div>
                                          </Col>
                                        </FormGroup>
                                      </div>
                                    </FormRow>
                                    <FormRow>
                                      <div
                                        className="form-row"
                                      >
                                        <FormGroup
                                          as={
                                            Object {
                                              "$$typeof": Symbol(react.forward_ref),
                                              "displayName": "Col",
                                              "render": [Function],
                                            }
                                          }
                                        >
                                          <Col
                                            className="form-group"
                                          >
                                            <div
                                              className="form-group col"
                                            >
                                              <FormLabel
                                                column={true}
                                                srOnly={false}
                                              >
                                                <Col
                                                  as="label"
                                                  className="form-label col-form-label"
                                                >
                                                  <label
                                                    className="form-label col-form-label col"
                                                  >
                                                    Quantity
                                                  </label>
                                                </Col>
                                              </FormLabel>
                                              <FormControl
                                                max="100"
                                                name="quantity"
                                                onChange={[Function]}
                                                placeholder="Enter Quantity"
                                                required={true}
                                                type="number"
                                              >
                                                <input
                                                  className="form-control"
                                                  max="100"
                                                  name="quantity"
                                                  onChange={[Function]}
                                                  placeholder="Enter Quantity"
                                                  required={true}
                                                  type="number"
                                                />
                                              </FormControl>
                                              <Feedback
                                                type="invalid"
                                              >
                                                <div
                                                  className="invalid-feedback"
                                                >
                                                  Please Quantity in number format and quanitity should be less than 100
                                                </div>
                                              </Feedback>
                                            </div>
                                          </Col>
                                        </FormGroup>
                                      </div>
                                    </FormRow>
                                    <div
                                      className="d-flex justify-content-end"
                                    >
                                      <Button
                                        active={false}
                                        className="text-white mt-5"
                                        disabled={false}
                                        type="submit"
                                        variant="warning"
                                      >
                                        <button
                                          className="text-white mt-5 btn btn-warning"
                                          disabled={false}
                                          type="submit"
                                        >
                                          Edit Product
                                        </button>
                                      </Button>
                                      <Button
                                        active={false}
                                        className=" mt-5 ml-3"
                                        disabled={false}
                                        onClick={[Function]}
                                        variant="danger"
                                      >
                                        <button
                                          className=" mt-5 ml-3 btn btn-danger"
                                          disabled={false}
                                          onClick={[Function]}
                                          type="button"
                                        >
                                          Cancel
                                        </button>
                                      </Button>
                                    </div>
                                  </form>
                                </Form>
                                <Prompt
                                  message="Are you sure you want to leave this edit product page?"
                                  when={false}
                                />
                                <Prompt
                                  message="Are you sure you want to edit?"
                                  when={false}
                                />
                              </EditProductForm>
                            </withRouter(EditProductForm)>
                          </div>
                        </Col>
                      </div>
                    </Row>
                  </div>
                </Container>
              </div>
            </Col>
          </div>
        </Row>
      </div>
    </Container>
  </EditProduct>
</Router>
`;
