// Jest Snapshot v1, https://goo.gl/fbAQLP

exports[`About Page Testing should test snapshot of About page 1`] = `
<Container
  className="p-0"
  fluid={true}
  style={
    Object {
      "Height": "100vh !important",
    }
  }
>
  <Carousel
    controls={true}
    defaultActiveIndex={0}
    fade={false}
    indicators={true}
    interval={5000}
    keyboard={true}
    nextIcon={
      <span
        aria-hidden="true"
        className="carousel-control-next-icon"
      />
    }
    nextLabel="Next"
    pause="hover"
    prevIcon={
      <span
        aria-hidden="true"
        className="carousel-control-prev-icon"
      />
    }
    prevLabel="Previous"
    slide={true}
    touch={true}
    wrap={true}
  >
    <CarouselItem>
      <img
        alt="First slide"
        className="d-block w-100"
        src="PI.jpg"
      />
    </CarouselItem>
    <CarouselItem>
      <img
        alt="Second slide"
        className="d-block w-100"
        src="NewProduct.jpg"
      />
    </CarouselItem>
    <CarouselItem>
      <img
        alt="Third slide"
        className="d-block w-100"
        src="EditProduct.jpg"
      />
    </CarouselItem>
    <CarouselItem>
      <img
        alt="TFourth slide"
        className="d-block w-100"
        src="Viewproduct.jpg"
      />
    </CarouselItem>
  </Carousel>
</Container>
`;
